/*C3*/SET SCHEMA PUBLIC
CREATE TABLE IF NOT EXISTS projekt(\u000a projekt_id SERIAL, --SERIAL lub INTEGER GENERATED BY DEFAULT AS IDENTITY(START WITH 1, INCREMENT BY 1)\u000a nazwa VARCHAR(50) NOT NULL,\u000a opis VARCHAR(1000),\u000a dataczas_utworzenia TIMESTAMP DEFAULT now(),\u000a data_oddania DATE,\u000a CONSTRAINT projekt_pk PRIMARY KEY (projekt_id)\u000a)
CREATE TABLE IF NOT EXISTS zadanie(\u000a zadanie_id SERIAL, --SERIAL lub INTEGER GENERATED BY DEFAULT AS IDENTITY(START WITH 1, INCREMENT BY 1)\u000a nazwa VARCHAR(50) NOT NULL,\u000a opis VARCHAR(1000),\u000a kolejnosc INTEGER,\u000a dataczas_utworzenia TIMESTAMP DEFAULT now(),\u000a projekt_id INTEGER NOT NULL,\u000a CONSTRAINT zadanie_pk PRIMARY KEY (zadanie_id)\u000a)
CREATE INDEX IF NOT EXISTS projekt_nazwa_idx ON projekt(nazwa)
CREATE INDEX IF NOT EXISTS zadanie_nazwa_idx ON zadanie(nazwa)
ALTER TABLE zadanie ADD CONSTRAINT IF NOT EXISTS zadanie_projekt_fk FOREIGN KEY (projekt_id) REFERENCES projekt (projekt_id) ON DELETE CASCADE
ALTER TABLE zadanie ADD CONSTRAINT IF NOT EXISTS unique_kolejnosc UNIQUE (kolejnosc, projekt_id)
INSERT INTO ZADANIE VALUES(1,'Zakodowa\u0107 wiadomo\u015b\u0107 u\u017cywaj\u0105c UTF8','Done',1,'2026-05-08 13:48:52.781931',4)
COMMIT
DELETE FROM PROJEKT WHERE PROJEKT_ID=6
COMMIT
DELETE FROM PROJEKT WHERE PROJEKT_ID=5
COMMIT
DELETE FROM PROJEKT WHERE PROJEKT_ID=4
DELETE FROM ZADANIE WHERE ZADANIE_ID=1
COMMIT
DELETE FROM PROJEKT WHERE PROJEKT_ID=3
COMMIT
DELETE FROM PROJEKT WHERE PROJEKT_ID=2
COMMIT
