2026-05-08 14:11:55.685 [Test worker] INFO  c.p.ProjectRestApiApplicationTests.logStarting(54) - Starting ProjectRestApiApplicationTests using Java 21.0.4 with PID 150148 (started by wikto in D:\eclipse-2024-09\workspace\project-rest-api)
2026-05-08 14:11:55.688 [Test worker] INFO  c.p.ProjectRestApiApplicationTests.logStartupProfileInfo(652) - No active profile set, falling back to 1 default profile: "default"
2026-05-08 14:12:05.659 [Test worker] INFO  c.p.c.ProjektRestControllerIT.logStarting(54) - Starting ProjektRestControllerIT using Java 21.0.4 with PID 150148 (started by wikto in D:\eclipse-2024-09\workspace\project-rest-api)
2026-05-08 14:12:05.660 [Test worker] INFO  c.p.c.ProjektRestControllerIT.logStartupProfileInfo(652) - No active profile set, falling back to 1 default profile: "default"
2026-05-08 14:12:09.028 [Test worker] INFO  c.p.c.ProjektRestControllerIT.logStarted(60) - Started ProjektRestControllerIT in 3.435 seconds (process running for 17.596)
2026-05-08 14:12:09.139 [Test worker] INFO  c.p.c.ProjektRestControllerIT.before(210) - -- METODA -> createProjekt_whenEmptyName_returnsBadRequest
2026-05-08 14:12:09.863 [Test worker] INFO  c.p.c.ProjektRestControllerIT.createProjekt_whenEmptyName_returnsBadRequest(154) - MethodArgumentNotValidException -> Validation failed for argument [0] in org.springframework.http.ResponseEntity<java.lang.Void> com.project.controller.ProjektRestController.createProjekt(com.project.model.Projekt) with 2 errors: [Field error in object 'projekt' on field 'nazwa': rejected value []; codes [Size.projekt.nazwa,Size.nazwa,Size.java.lang.String,Size]; arguments [org.springframework.context.support.DefaultMessageSourceResolvable: codes [projekt.nazwa,nazwa]; arguments []; default message [nazwa],50,3]; default message [Nazwa musi zawierać od 3 do 50 znaków!]] [Field error in object 'projekt' on field 'nazwa': rejected value []; codes [NotBlank.projekt.nazwa,NotBlank.nazwa,NotBlank.java.lang.String,NotBlank]; arguments [org.springframework.context.support.DefaultMessageSourceResolvable: codes [projekt.nazwa,nazwa]; arguments []; default message [nazwa]]; default message [Pole nazwa nie może być puste!]] 
2026-05-08 14:12:09.876 [Test worker] INFO  c.p.c.ProjektRestControllerIT.after(215) - <- KONIEC -- createProjekt_whenEmptyName_returnsBadRequest
2026-05-08 14:12:09.914 [Test worker] INFO  c.p.c.ProjektRestControllerIT.before(210) - -- METODA -> updateProjekt_whenValidData_returnsOk
2026-05-08 14:12:10.033 [Test worker] INFO  c.p.c.ProjektRestControllerIT.after(215) - <- KONIEC -- updateProjekt_whenValidData_returnsOk
2026-05-08 14:12:10.084 [Test worker] INFO  c.p.c.ProjektRestControllerIT.before(210) - -- METODA -> createProjekt_whenValidData_returnsCreatedWithLocation
2026-05-08 14:12:10.123 [Test worker] INFO  c.p.c.ProjektRestControllerIT.after(215) - <- KONIEC -- createProjekt_whenValidData_returnsCreatedWithLocation
2026-05-08 14:12:10.177 [Test worker] INFO  c.p.c.ProjektRestControllerIT.before(210) - -- METODA -> getProjekty_whenAvailable_returnsPagedContent
2026-05-08 14:12:10.440 [Test worker] INFO  c.p.c.ProjektRestControllerIT.after(215) - <- KONIEC -- getProjekty_whenAvailable_returnsPagedContent
2026-05-08 14:12:10.475 [Test worker] INFO  c.p.c.ProjektRestControllerIT.before(210) - -- METODA -> getProjekt_whenValidId_returnsProjekt
2026-05-08 14:12:10.507 [Test worker] INFO  c.p.c.ProjektRestControllerIT.after(215) - <- KONIEC -- getProjekt_whenValidId_returnsProjekt
2026-05-08 14:12:10.549 [Test worker] INFO  c.p.c.ProjektRestControllerIT.before(210) - -- METODA -> getProjekt_whenInvalidId_returnsNotFound
2026-05-08 14:12:10.565 [Test worker] INFO  c.p.c.ProjektRestControllerIT.after(215) - <- KONIEC -- getProjekt_whenInvalidId_returnsNotFound
2026-05-08 14:12:10.597 [Test worker] INFO  c.p.c.ProjektRestControllerIT.before(210) - -- METODA -> getProjekty_withPagingParams_passesParamsToService
2026-05-08 14:12:10.648 [Test worker] INFO  c.p.c.ProjektRestControllerIT.after(215) - <- KONIEC -- getProjekty_withPagingParams_passesParamsToService
2026-05-08 14:12:54.352 [Test worker] INFO  c.p.c.ProjektRestControllerIT.logStarting(54) - Starting ProjektRestControllerIT using Java 21.0.4 with PID 152044 (started by wikto in D:\eclipse-2024-09\workspace\project-rest-api)
2026-05-08 14:12:54.355 [Test worker] INFO  c.p.c.ProjektRestControllerIT.logStartupProfileInfo(652) - No active profile set, falling back to 1 default profile: "default"
2026-05-08 14:12:58.270 [Test worker] INFO  c.p.c.ProjektRestControllerIT.logStarted(60) - Started ProjektRestControllerIT in 4.607 seconds (process running for 7.082)
2026-05-08 14:12:58.395 [Test worker] INFO  c.p.c.ProjektRestControllerIT.before(210) - -- METODA -> createProjekt_whenEmptyName_returnsBadRequest
2026-05-08 14:12:59.088 [Test worker] INFO  c.p.c.ProjektRestControllerIT.createProjekt_whenEmptyName_returnsBadRequest(154) - MethodArgumentNotValidException -> Validation failed for argument [0] in org.springframework.http.ResponseEntity<java.lang.Void> com.project.controller.ProjektRestController.createProjekt(com.project.model.Projekt) with 2 errors: [Field error in object 'projekt' on field 'nazwa': rejected value []; codes [NotBlank.projekt.nazwa,NotBlank.nazwa,NotBlank.java.lang.String,NotBlank]; arguments [org.springframework.context.support.DefaultMessageSourceResolvable: codes [projekt.nazwa,nazwa]; arguments []; default message [nazwa]]; default message [Pole nazwa nie może być puste!]] [Field error in object 'projekt' on field 'nazwa': rejected value []; codes [Size.projekt.nazwa,Size.nazwa,Size.java.lang.String,Size]; arguments [org.springframework.context.support.DefaultMessageSourceResolvable: codes [projekt.nazwa,nazwa]; arguments []; default message [nazwa],50,3]; default message [Nazwa musi zawierać od 3 do 50 znaków!]] 
2026-05-08 14:12:59.097 [Test worker] INFO  c.p.c.ProjektRestControllerIT.after(215) - <- KONIEC -- createProjekt_whenEmptyName_returnsBadRequest
2026-05-08 14:12:59.142 [Test worker] INFO  c.p.c.ProjektRestControllerIT.before(210) - -- METODA -> updateProjekt_whenValidData_returnsOk
2026-05-08 14:12:59.229 [Test worker] INFO  c.p.c.ProjektRestControllerIT.after(215) - <- KONIEC -- updateProjekt_whenValidData_returnsOk
2026-05-08 14:12:59.256 [Test worker] INFO  c.p.c.ProjektRestControllerIT.before(210) - -- METODA -> createProjekt_whenValidData_returnsCreatedWithLocation
2026-05-08 14:12:59.288 [Test worker] INFO  c.p.c.ProjektRestControllerIT.after(215) - <- KONIEC -- createProjekt_whenValidData_returnsCreatedWithLocation
2026-05-08 14:12:59.309 [Test worker] INFO  c.p.c.ProjektRestControllerIT.before(210) - -- METODA -> getProjekty_whenAvailable_returnsPagedContent
2026-05-08 14:12:59.494 [Test worker] INFO  c.p.c.ProjektRestControllerIT.after(215) - <- KONIEC -- getProjekty_whenAvailable_returnsPagedContent
2026-05-08 14:12:59.524 [Test worker] INFO  c.p.c.ProjektRestControllerIT.before(210) - -- METODA -> getProjekt_whenValidId_returnsProjekt
2026-05-08 14:12:59.558 [Test worker] INFO  c.p.c.ProjektRestControllerIT.after(215) - <- KONIEC -- getProjekt_whenValidId_returnsProjekt
2026-05-08 14:12:59.584 [Test worker] INFO  c.p.c.ProjektRestControllerIT.before(210) - -- METODA -> getProjekt_whenInvalidId_returnsNotFound
2026-05-08 14:12:59.596 [Test worker] INFO  c.p.c.ProjektRestControllerIT.after(215) - <- KONIEC -- getProjekt_whenInvalidId_returnsNotFound
2026-05-08 14:12:59.618 [Test worker] INFO  c.p.c.ProjektRestControllerIT.before(210) - -- METODA -> getProjekty_withPagingParams_passesParamsToService
2026-05-08 14:12:59.647 [Test worker] INFO  c.p.c.ProjektRestControllerIT.after(215) - <- KONIEC -- getProjekty_withPagingParams_passesParamsToService
2026-05-08 14:13:19.852 [Test worker] INFO  c.p.c.ProjektRestControllerIT.logStarting(54) - Starting ProjektRestControllerIT using Java 21.0.4 with PID 122260 (started by wikto in D:\eclipse-2024-09\workspace\project-rest-api)
2026-05-08 14:13:19.854 [Test worker] INFO  c.p.c.ProjektRestControllerIT.logStartupProfileInfo(652) - No active profile set, falling back to 1 default profile: "default"
2026-05-08 14:13:24.452 [Test worker] INFO  c.p.c.ProjektRestControllerIT.logStarted(60) - Started ProjektRestControllerIT in 5.401 seconds (process running for 8.08)
2026-05-08 14:13:24.562 [Test worker] INFO  c.p.c.ProjektRestControllerIT.before(210) - -- METODA -> createProjekt_whenEmptyName_returnsBadRequest
2026-05-08 14:13:25.421 [Test worker] INFO  c.p.c.ProjektRestControllerIT.createProjekt_whenEmptyName_returnsBadRequest(154) - MethodArgumentNotValidException -> Validation failed for argument [0] in org.springframework.http.ResponseEntity<java.lang.Void> com.project.controller.ProjektRestController.createProjekt(com.project.model.Projekt) with 2 errors: [Field error in object 'projekt' on field 'nazwa': rejected value []; codes [Size.projekt.nazwa,Size.nazwa,Size.java.lang.String,Size]; arguments [org.springframework.context.support.DefaultMessageSourceResolvable: codes [projekt.nazwa,nazwa]; arguments []; default message [nazwa],50,3]; default message [Nazwa musi zawierać od 3 do 50 znaków!]] [Field error in object 'projekt' on field 'nazwa': rejected value []; codes [NotBlank.projekt.nazwa,NotBlank.nazwa,NotBlank.java.lang.String,NotBlank]; arguments [org.springframework.context.support.DefaultMessageSourceResolvable: codes [projekt.nazwa,nazwa]; arguments []; default message [nazwa]]; default message [Pole nazwa nie może być puste!]] 
2026-05-08 14:13:25.429 [Test worker] INFO  c.p.c.ProjektRestControllerIT.after(215) - <- KONIEC -- createProjekt_whenEmptyName_returnsBadRequest
2026-05-08 14:13:25.483 [Test worker] INFO  c.p.c.ProjektRestControllerIT.before(210) - -- METODA -> updateProjekt_whenValidData_returnsOk
2026-05-08 14:13:25.655 [Test worker] INFO  c.p.c.ProjektRestControllerIT.after(215) - <- KONIEC -- updateProjekt_whenValidData_returnsOk
2026-05-08 14:13:25.724 [Test worker] INFO  c.p.c.ProjektRestControllerIT.before(210) - -- METODA -> createProjekt_whenValidData_returnsCreatedWithLocation
2026-05-08 14:13:25.766 [Test worker] INFO  c.p.c.ProjektRestControllerIT.after(215) - <- KONIEC -- createProjekt_whenValidData_returnsCreatedWithLocation
2026-05-08 14:13:25.793 [Test worker] INFO  c.p.c.ProjektRestControllerIT.before(210) - -- METODA -> getProjekty_whenAvailable_returnsPagedContent
2026-05-08 14:13:26.035 [Test worker] INFO  c.p.c.ProjektRestControllerIT.after(215) - <- KONIEC -- getProjekty_whenAvailable_returnsPagedContent
2026-05-08 14:13:26.060 [Test worker] INFO  c.p.c.ProjektRestControllerIT.before(210) - -- METODA -> getProjekt_whenValidId_returnsProjekt
2026-05-08 14:13:26.082 [Test worker] INFO  c.p.c.ProjektRestControllerIT.after(215) - <- KONIEC -- getProjekt_whenValidId_returnsProjekt
2026-05-08 14:13:26.109 [Test worker] INFO  c.p.c.ProjektRestControllerIT.before(210) - -- METODA -> getProjekt_whenInvalidId_returnsNotFound
2026-05-08 14:13:26.122 [Test worker] INFO  c.p.c.ProjektRestControllerIT.after(215) - <- KONIEC -- getProjekt_whenInvalidId_returnsNotFound
2026-05-08 14:13:26.152 [Test worker] INFO  c.p.c.ProjektRestControllerIT.before(210) - -- METODA -> getProjekty_withPagingParams_passesParamsToService
2026-05-08 14:13:26.195 [Test worker] INFO  c.p.c.ProjektRestControllerIT.after(215) - <- KONIEC -- getProjekty_withPagingParams_passesParamsToService
2026-05-08 14:35:40.728 [main] INFO  c.project.ProjectRestApiApplication.logStarting(54) - Starting ProjectRestApiApplication v0.0.1-SNAPSHOT using Java 21.0.2 with PID 152176 (D:\eclipse-2024-09\workspace\project-rest-api\build\libs\project-rest-api-0.0.1-SNAPSHOT.jar started by wikto in D:\eclipse-2024-09\workspace\project-rest-api)
2026-05-08 14:35:40.731 [main] INFO  c.project.ProjectRestApiApplication.logStartupProfileInfo(652) - No active profile set, falling back to 1 default profile: "default"
2026-05-08 14:44:41.946 [main] INFO  c.project.ProjectRestApiApplication.logStarting(54) - Starting ProjectRestApiApplication v0.0.1-SNAPSHOT using Java 21.0.2 with PID 23288 (D:\eclipse-2024-09\workspace\project-rest-api\build\libs\project-rest-api-0.0.1-SNAPSHOT.jar started by wikto in D:\eclipse-2024-09\workspace\project-rest-api)
2026-05-08 14:44:41.948 [main] INFO  c.project.ProjectRestApiApplication.logStartupProfileInfo(652) - No active profile set, falling back to 1 default profile: "default"
2026-05-08 14:44:51.241 [main] INFO  c.project.ProjectRestApiApplication.logStarted(60) - Started ProjectRestApiApplication in 10.178 seconds (process running for 11.023)
2026-05-08 15:23:45.696 [restartedMain] INFO  c.project.ProjectRestApiApplication.logStarting(54) - Starting ProjectRestApiApplication using Java 21.0.2 with PID 144188 (D:\eclipse-2024-09\workspace\project-rest-api\build\classes\java\main started by wikto in D:\eclipse-2024-09\workspace\project-rest-api)
2026-05-08 15:23:45.697 [restartedMain] INFO  c.project.ProjectRestApiApplication.logStartupProfileInfo(652) - No active profile set, falling back to 1 default profile: "default"
2026-05-08 15:23:52.904 [restartedMain] INFO  c.project.ProjectRestApiApplication.logStarted(60) - Started ProjectRestApiApplication in 7.893 seconds (process running for 8.612)
